20:22:09 **** Incremental Build of configuration Debug for project grupo_4_tp_3 ****
make -j4 all 
arm-none-eabi-gcc "../app/src/priority_queue.c" -mcpu=cortex-m4 -std=gnu11 -g3 -DDEBUG -DUSE_HAL_DRIVER -DSTM32F429xx -c -I../Core/Inc -I../Drivers/STM32F4xx_HAL_Driver/Inc -I../Drivers/STM32F4xx_HAL_Driver/Inc/Legacy -I../Drivers/CMSIS/Device/ST/STM32F4xx/Include -I../Drivers/CMSIS/Include -I../Middlewares/Third_Party/FreeRTOS/Source/include -I../Middlewares/Third_Party/FreeRTOS/Source/CMSIS_RTOS -I../Middlewares/Third_Party/FreeRTOS/Source/portable/GCC/ARM_CM4F -I../app/inc -O0 -ffunction-sections -fdata-sections -Wall -fstack-usage -fcyclomatic-complexity -MMD -MP -MF"app/src/priority_queue.d" -MT"app/src/priority_queue.o" --specs=nano.specs -mfpu=fpv4-sp-d16 -mfloat-abi=hard -mthumb -o "app/src/priority_queue.o"
../app/src/priority_queue.c: In function 'PriorityQueue_Receive':
../app/src/priority_queue.c:57:19: warning: unused variable 'rtrn' [-Wunused-variable]
   57 |     EventPriority rtrn;
      |                   ^~~~
arm-none-eabi-gcc -o "grupo_4_tp_3.elf" @"objects.list"  -lrdimon -mcpu=cortex-m4 -T"/home/felipe/Desktop/RTOS_TP3/grupo_4_tp_3/STM32F429ZITX_FLASH.ld" --specs=nosys.specs -Wl,-Map="grupo_4_tp_3.map" -Wl,--gc-sections -static -specs=rdimon.specs --specs=nano.specs -mfpu=fpv4-sp-d16 -mfloat-abi=hard -mthumb -Wl,--start-group -lc -lm -Wl,--end-group
/opt/st/stm32cubeide_1.15.1/plugins/com.st.stm32cube.ide.mcu.externaltools.gnu-tools-for-stm32.12.3.rel1.linux64_1.0.100.202403111256/tools/bin/../lib/gcc/arm-none-eabi/12.3.1/../../../../arm-none-eabi/bin/ld: warning: grupo_4_tp_3.elf has a LOAD segment with RWX permissions
Finished building target: grupo_4_tp_3.elf
 
arm-none-eabi-size  grupo_4_tp_3.elf 
arm-none-eabi-objdump -h -S grupo_4_tp_3.elf  > "grupo_4_tp_3.list"
   text	   data	    bss	    dec	    hex	filename
  33720	    124	  19988	  53832	   d248	grupo_4_tp_3.elf
Finished building: default.size.stdout
 
Finished building: grupo_4_tp_3.list
 
20:22:12 **** Incremental Build of configuration Debug for project grupo_4_tp_3 ****
make -j4 all 
arm-none-eabi-size  grupo_4_tp_3.elf 
   text	   data	    bss	    dec	    hex	filename
  33720	    124	  19988	  53832	   d248	grupo_4_tp_3.elf
Finished building: default.size.stdout
 
20:24:44 **** Incremental Build of configuration Debug for project grupo_4_tp_3 ****
make -j4 all 
arm-none-eabi-gcc "../app/src/priority_queue.c" -mcpu=cortex-m4 -std=gnu11 -g3 -DDEBUG -DUSE_HAL_DRIVER -DSTM32F429xx -c -I../Core/Inc -I../Drivers/STM32F4xx_HAL_Driver/Inc -I../Drivers/STM32F4xx_HAL_Driver/Inc/Legacy -I../Drivers/CMSIS/Device/ST/STM32F4xx/Include -I../Drivers/CMSIS/Include -I../Middlewares/Third_Party/FreeRTOS/Source/include -I../Middlewares/Third_Party/FreeRTOS/Source/CMSIS_RTOS -I../Middlewares/Third_Party/FreeRTOS/Source/portable/GCC/ARM_CM4F -I../app/inc -O0 -ffunction-sections -fdata-sections -Wall -fstack-usage -fcyclomatic-complexity -MMD -MP -MF"app/src/priority_queue.d" -MT"app/src/priority_queue.o" --specs=nano.specs -mfpu=fpv4-sp-d16 -mfloat-abi=hard -mthumb -o "app/src/priority_queue.o"
../app/src/priority_queue.c: In function 'PriorityQueue_Send':
../app/src/priority_queue.c:20:9: warning: implicit declaration of function 'LOGGER_INFO' [-Wimplicit-function-declaration]
   20 |         LOGGER_INFO("1");
      |         ^~~~~~~~~~~
../app/src/priority_queue.c: In function 'PriorityQueue_Receive':
../app/src/priority_queue.c:59:19: warning: unused variable 'rtrn' [-Wunused-variable]
   59 |     EventPriority rtrn;
      |                   ^~~~
arm-none-eabi-gcc -o "grupo_4_tp_3.elf" @"objects.list"  -lrdimon -mcpu=cortex-m4 -T"/home/felipe/Desktop/RTOS_TP3/grupo_4_tp_3/STM32F429ZITX_FLASH.ld" --specs=nosys.specs -Wl,-Map="grupo_4_tp_3.map" -Wl,--gc-sections -static -specs=rdimon.specs --specs=nano.specs -mfpu=fpv4-sp-d16 -mfloat-abi=hard -mthumb -Wl,--start-group -lc -lm -Wl,--end-group
/opt/st/stm32cubeide_1.15.1/plugins/com.st.stm32cube.ide.mcu.externaltools.gnu-tools-for-stm32.12.3.rel1.linux64_1.0.100.202403111256/tools/bin/../lib/gcc/arm-none-eabi/12.3.1/../../../../arm-none-eabi/bin/ld: warning: grupo_4_tp_3.elf has a LOAD segment with RWX permissions
/opt/st/stm32cubeide_1.15.1/plugins/com.st.stm32cube.ide.mcu.externaltools.gnu-tools-for-stm32.12.3.rel1.linux64_1.0.100.202403111256/tools/bin/../lib/gcc/arm-none-eabi/12.3.1/../../../../arm-none-eabi/bin/ld: ./app/src/priority_queue.o: in function `PriorityQueue_Send':
/home/felipe/Desktop/RTOS_TP3/grupo_4_tp_3/Debug/../app/src/priority_queue.c:20: undefined reference to `LOGGER_INFO'
/opt/st/stm32cubeide_1.15.1/plugins/com.st.stm32cube.ide.mcu.externaltools.gnu-tools-for-stm32.12.3.rel1.linux64_1.0.100.202403111256/tools/bin/../lib/gcc/arm-none-eabi/12.3.1/../../../../arm-none-eabi/bin/ld: /home/felipe/Desktop/RTOS_TP3/grupo_4_tp_3/Debug/../app/src/priority_queue.c:24: undefined reference to `LOGGER_INFO'
/opt/st/stm32cubeide_1.15.1/plugins/com.st.stm32cube.ide.mcu.externaltools.gnu-tools-for-stm32.12.3.rel1.linux64_1.0.100.202403111256/tools/bin/../lib/gcc/arm-none-eabi/12.3.1/../../../../arm-none-eabi/bin/ld: /home/felipe/Desktop/RTOS_TP3/grupo_4_tp_3/Debug/../app/src/priority_queue.c:29: undefined reference to `LOGGER_INFO'
collect2: error: ld returned 1 exit status
make: *** [makefile:69: grupo_4_tp_3.elf] Error 1
"make -j4 all" terminated with exit code 2. Build might be incomplete.
20:25:02 **** Incremental Build of configuration Debug for project grupo_4_tp_3 ****
make -j4 all 
arm-none-eabi-gcc "../app/src/priority_queue.c" -mcpu=cortex-m4 -std=gnu11 -g3 -DDEBUG -DUSE_HAL_DRIVER -DSTM32F429xx -c -I../Core/Inc -I../Drivers/STM32F4xx_HAL_Driver/Inc -I../Drivers/STM32F4xx_HAL_Driver/Inc/Legacy -I../Drivers/CMSIS/Device/ST/STM32F4xx/Include -I../Drivers/CMSIS/Include -I../Middlewares/Third_Party/FreeRTOS/Source/include -I../Middlewares/Third_Party/FreeRTOS/Source/CMSIS_RTOS -I../Middlewares/Third_Party/FreeRTOS/Source/portable/GCC/ARM_CM4F -I../app/inc -O0 -ffunction-sections -fdata-sections -Wall -fstack-usage -fcyclomatic-complexity -MMD -MP -MF"app/src/priority_queue.d" -MT"app/src/priority_queue.o" --specs=nano.specs -mfpu=fpv4-sp-d16 -mfloat-abi=hard -mthumb -o "app/src/priority_queue.o"
../app/src/priority_queue.c: In function 'PriorityQueue_Receive':
../app/src/priority_queue.c:60:19: warning: unused variable 'rtrn' [-Wunused-variable]
   60 |     EventPriority rtrn;
      |                   ^~~~
arm-none-eabi-gcc -o "grupo_4_tp_3.elf" @"objects.list"  -lrdimon -mcpu=cortex-m4 -T"/home/felipe/Desktop/RTOS_TP3/grupo_4_tp_3/STM32F429ZITX_FLASH.ld" --specs=nosys.specs -Wl,-Map="grupo_4_tp_3.map" -Wl,--gc-sections -static -specs=rdimon.specs --specs=nano.specs -mfpu=fpv4-sp-d16 -mfloat-abi=hard -mthumb -Wl,--start-group -lc -lm -Wl,--end-group
/opt/st/stm32cubeide_1.15.1/plugins/com.st.stm32cube.ide.mcu.externaltools.gnu-tools-for-stm32.12.3.rel1.linux64_1.0.100.202403111256/tools/bin/../lib/gcc/arm-none-eabi/12.3.1/../../../../arm-none-eabi/bin/ld: warning: grupo_4_tp_3.elf has a LOAD segment with RWX permissions
Finished building target: grupo_4_tp_3.elf
 
arm-none-eabi-size  grupo_4_tp_3.elf 
arm-none-eabi-objdump -h -S grupo_4_tp_3.elf  > "grupo_4_tp_3.list"
   text	   data	    bss	    dec	    hex	filename
  34116	    124	  19988	  54228	   d3d4	grupo_4_tp_3.elf
Finished building: default.size.stdout
 
Finished building: grupo_4_tp_3.list
 
20:25:17 **** Incremental Build of configuration Debug for project grupo_4_tp_3 ****
make -j4 all 
arm-none-eabi-size  grupo_4_tp_3.elf 
   text	   data	    bss	    dec	    hex	filename
  34116	    124	  19988	  54228	   d3d4	grupo_4_tp_3.elf
Finished building: default.size.stdout
 
20:25:45 **** Incremental Build of configuration Debug for project grupo_4_tp_3 ****
make -j4 all 
arm-none-eabi-gcc "../app/src/priority_queue.c" -mcpu=cortex-m4 -std=gnu11 -g3 -DDEBUG -DUSE_HAL_DRIVER -DSTM32F429xx -c -I../Core/Inc -I../Drivers/STM32F4xx_HAL_Driver/Inc -I../Drivers/STM32F4xx_HAL_Driver/Inc/Legacy -I../Drivers/CMSIS/Device/ST/STM32F4xx/Include -I../Drivers/CMSIS/Include -I../Middlewares/Third_Party/FreeRTOS/Source/include -I../Middlewares/Third_Party/FreeRTOS/Source/CMSIS_RTOS -I../Middlewares/Third_Party/FreeRTOS/Source/portable/GCC/ARM_CM4F -I../app/inc -O0 -ffunction-sections -fdata-sections -Wall -fstack-usage -fcyclomatic-complexity -MMD -MP -MF"app/src/priority_queue.d" -MT"app/src/priority_queue.o" --specs=nano.specs -mfpu=fpv4-sp-d16 -mfloat-abi=hard -mthumb -o "app/src/priority_queue.o"
../app/src/priority_queue.c: In function 'PriorityQueue_Receive':
../app/src/priority_queue.c:61:19: warning: unused variable 'rtrn' [-Wunused-variable]
   61 |     EventPriority rtrn;
      |                   ^~~~
arm-none-eabi-gcc -o "grupo_4_tp_3.elf" @"objects.list"  -lrdimon -mcpu=cortex-m4 -T"/home/felipe/Desktop/RTOS_TP3/grupo_4_tp_3/STM32F429ZITX_FLASH.ld" --specs=nosys.specs -Wl,-Map="grupo_4_tp_3.map" -Wl,--gc-sections -static -specs=rdimon.specs --specs=nano.specs -mfpu=fpv4-sp-d16 -mfloat-abi=hard -mthumb -Wl,--start-group -lc -lm -Wl,--end-group
/opt/st/stm32cubeide_1.15.1/plugins/com.st.stm32cube.ide.mcu.externaltools.gnu-tools-for-stm32.12.3.rel1.linux64_1.0.100.202403111256/tools/bin/../lib/gcc/arm-none-eabi/12.3.1/../../../../arm-none-eabi/bin/ld: warning: grupo_4_tp_3.elf has a LOAD segment with RWX permissions
Finished building target: grupo_4_tp_3.elf
 
arm-none-eabi-size  grupo_4_tp_3.elf 
arm-none-eabi-objdump -h -S grupo_4_tp_3.elf  > "grupo_4_tp_3.list"
   text	   data	    bss	    dec	    hex	filename
  34248	    124	  19988	  54360	   d458	grupo_4_tp_3.elf
Finished building: default.size.stdout
 
Finished building: grupo_4_tp_3.list
 
20:28:23 **** Incremental Build of configuration Debug for project grupo_4_tp_3 ****
make -j4 all 
arm-none-eabi-gcc "../app/src/priority_queue.c" -mcpu=cortex-m4 -std=gnu11 -g3 -DDEBUG -DUSE_HAL_DRIVER -DSTM32F429xx -c -I../Core/Inc -I../Drivers/STM32F4xx_HAL_Driver/Inc -I../Drivers/STM32F4xx_HAL_Driver/Inc/Legacy -I../Drivers/CMSIS/Device/ST/STM32F4xx/Include -I../Drivers/CMSIS/Include -I../Middlewares/Third_Party/FreeRTOS/Source/include -I../Middlewares/Third_Party/FreeRTOS/Source/CMSIS_RTOS -I../Middlewares/Third_Party/FreeRTOS/Source/portable/GCC/ARM_CM4F -I../app/inc -O0 -ffunction-sections -fdata-sections -Wall -fstack-usage -fcyclomatic-complexity -MMD -MP -MF"app/src/priority_queue.d" -MT"app/src/priority_queue.o" --specs=nano.specs -mfpu=fpv4-sp-d16 -mfloat-abi=hard -mthumb -o "app/src/priority_queue.o"
../app/src/priority_queue.c: In function 'PriorityQueue_Receive':
../app/src/priority_queue.c:62:19: warning: unused variable 'rtrn' [-Wunused-variable]
   62 |     EventPriority rtrn;
      |                   ^~~~
arm-none-eabi-gcc -o "grupo_4_tp_3.elf" @"objects.list"  -lrdimon -mcpu=cortex-m4 -T"/home/felipe/Desktop/RTOS_TP3/grupo_4_tp_3/STM32F429ZITX_FLASH.ld" --specs=nosys.specs -Wl,-Map="grupo_4_tp_3.map" -Wl,--gc-sections -static -specs=rdimon.specs --specs=nano.specs -mfpu=fpv4-sp-d16 -mfloat-abi=hard -mthumb -Wl,--start-group -lc -lm -Wl,--end-group
/opt/st/stm32cubeide_1.15.1/plugins/com.st.stm32cube.ide.mcu.externaltools.gnu-tools-for-stm32.12.3.rel1.linux64_1.0.100.202403111256/tools/bin/../lib/gcc/arm-none-eabi/12.3.1/../../../../arm-none-eabi/bin/ld: warning: grupo_4_tp_3.elf has a LOAD segment with RWX permissions
Finished building target: grupo_4_tp_3.elf
 
arm-none-eabi-size  grupo_4_tp_3.elf 
arm-none-eabi-objdump -h -S grupo_4_tp_3.elf  > "grupo_4_tp_3.list"
   text	   data	    bss	    dec	    hex	filename
  34248	    124	  19988	  54360	   d458	grupo_4_tp_3.elf
Finished building: default.size.stdout
 
Finished building: grupo_4_tp_3.list
 
20:28:34 **** Incremental Build of configuration Debug for project grupo_4_tp_3 ****
make -j4 all 
arm-none-eabi-size  grupo_4_tp_3.elf 
   text	   data	    bss	    dec	    hex	filename
  34248	    124	  19988	  54360	   d458	grupo_4_tp_3.elf
Finished building: default.size.stdout
 
20:29:17 **** Incremental Build of configuration Debug for project grupo_4_tp_3 ****
make -j4 all 
arm-none-eabi-gcc "../app/src/app.c" -mcpu=cortex-m4 -std=gnu11 -g3 -DDEBUG -DUSE_HAL_DRIVER -DSTM32F429xx -c -I../Core/Inc -I../Drivers/STM32F4xx_HAL_Driver/Inc -I../Drivers/STM32F4xx_HAL_Driver/Inc/Legacy -I../Drivers/CMSIS/Device/ST/STM32F4xx/Include -I../Drivers/CMSIS/Include -I../Middlewares/Third_Party/FreeRTOS/Source/include -I../Middlewares/Third_Party/FreeRTOS/Source/CMSIS_RTOS -I../Middlewares/Third_Party/FreeRTOS/Source/portable/GCC/ARM_CM4F -I../app/inc -O0 -ffunction-sections -fdata-sections -Wall -fstack-usage -fcyclomatic-complexity -MMD -MP -MF"app/src/app.d" -MT"app/src/app.o" --specs=nano.specs -mfpu=fpv4-sp-d16 -mfloat-abi=hard -mthumb -o "app/src/app.o"
arm-none-eabi-gcc "../app/src/priority_queue.c" -mcpu=cortex-m4 -std=gnu11 -g3 -DDEBUG -DUSE_HAL_DRIVER -DSTM32F429xx -c -I../Core/Inc -I../Drivers/STM32F4xx_HAL_Driver/Inc -I../Drivers/STM32F4xx_HAL_Driver/Inc/Legacy -I../Drivers/CMSIS/Device/ST/STM32F4xx/Include -I../Drivers/CMSIS/Include -I../Middlewares/Third_Party/FreeRTOS/Source/include -I../Middlewares/Third_Party/FreeRTOS/Source/CMSIS_RTOS -I../Middlewares/Third_Party/FreeRTOS/Source/portable/GCC/ARM_CM4F -I../app/inc -O0 -ffunction-sections -fdata-sections -Wall -fstack-usage -fcyclomatic-complexity -MMD -MP -MF"app/src/priority_queue.d" -MT"app/src/priority_queue.o" --specs=nano.specs -mfpu=fpv4-sp-d16 -mfloat-abi=hard -mthumb -o "app/src/priority_queue.o"
../app/src/priority_queue.c: In function 'PriorityQueue_Receive':
../app/src/priority_queue.c:61:19: warning: unused variable 'rtrn' [-Wunused-variable]
   61 |     EventPriority rtrn;
      |                   ^~~~
../app/src/app.c: In function 'app_init':
../app/src/app.c:18:9: warning: implicit declaration of function 'PriorityQueue_Init' [-Wimplicit-function-declaration]
   18 |         PriorityQueue_Init();
      |         ^~~~~~~~~~~~~~~~~~
arm-none-eabi-gcc -o "grupo_4_tp_3.elf" @"objects.list"  -lrdimon -mcpu=cortex-m4 -T"/home/felipe/Desktop/RTOS_TP3/grupo_4_tp_3/STM32F429ZITX_FLASH.ld" --specs=nosys.specs -Wl,-Map="grupo_4_tp_3.map" -Wl,--gc-sections -static -specs=rdimon.specs --specs=nano.specs -mfpu=fpv4-sp-d16 -mfloat-abi=hard -mthumb -Wl,--start-group -lc -lm -Wl,--end-group
/opt/st/stm32cubeide_1.15.1/plugins/com.st.stm32cube.ide.mcu.externaltools.gnu-tools-for-stm32.12.3.rel1.linux64_1.0.100.202403111256/tools/bin/../lib/gcc/arm-none-eabi/12.3.1/../../../../arm-none-eabi/bin/ld: warning: grupo_4_tp_3.elf has a LOAD segment with RWX permissions
Finished building target: grupo_4_tp_3.elf
 
arm-none-eabi-size  grupo_4_tp_3.elf 
arm-none-eabi-objdump -h -S grupo_4_tp_3.elf  > "grupo_4_tp_3.list"
   text	   data	    bss	    dec	    hex	filename
  34432	    124	  19988	  54544	   d510	grupo_4_tp_3.elf
Finished building: default.size.stdout
 
Finished building: grupo_4_tp_3.list
 
20:46:41 **** Incremental Build of configuration Debug for project grupo_4_tp_3 ****
make -j4 all 
arm-none-eabi-gcc "../app/src/priority_queue.c" -mcpu=cortex-m4 -std=gnu11 -g3 -DDEBUG -DUSE_HAL_DRIVER -DSTM32F429xx -c -I../Core/Inc -I../Drivers/STM32F4xx_HAL_Driver/Inc -I../Drivers/STM32F4xx_HAL_Driver/Inc/Legacy -I../Drivers/CMSIS/Device/ST/STM32F4xx/Include -I../Drivers/CMSIS/Include -I../Middlewares/Third_Party/FreeRTOS/Source/include -I../Middlewares/Third_Party/FreeRTOS/Source/CMSIS_RTOS -I../Middlewares/Third_Party/FreeRTOS/Source/portable/GCC/ARM_CM4F -I../app/inc -O0 -ffunction-sections -fdata-sections -Wall -fstack-usage -fcyclomatic-complexity -MMD -MP -MF"app/src/priority_queue.d" -MT"app/src/priority_queue.o" --specs=nano.specs -mfpu=fpv4-sp-d16 -mfloat-abi=hard -mthumb -o "app/src/priority_queue.o"
../app/src/priority_queue.c: In function 'PriorityQueue_Receive':
../app/src/priority_queue.c:64:19: warning: unused variable 'rtrn' [-Wunused-variable]
   64 |     EventPriority rtrn;
      |                   ^~~~
arm-none-eabi-gcc -o "grupo_4_tp_3.elf" @"objects.list"  -lrdimon -mcpu=cortex-m4 -T"/home/felipe/Desktop/RTOS_TP3/grupo_4_tp_3/STM32F429ZITX_FLASH.ld" --specs=nosys.specs -Wl,-Map="grupo_4_tp_3.map" -Wl,--gc-sections -static -specs=rdimon.specs --specs=nano.specs -mfpu=fpv4-sp-d16 -mfloat-abi=hard -mthumb -Wl,--start-group -lc -lm -Wl,--end-group
/opt/st/stm32cubeide_1.15.1/plugins/com.st.stm32cube.ide.mcu.externaltools.gnu-tools-for-stm32.12.3.rel1.linux64_1.0.100.202403111256/tools/bin/../lib/gcc/arm-none-eabi/12.3.1/../../../../arm-none-eabi/bin/ld: warning: grupo_4_tp_3.elf has a LOAD segment with RWX permissions
Finished building target: grupo_4_tp_3.elf
 
arm-none-eabi-size  grupo_4_tp_3.elf 
   text	   data	    bss	    dec	    hex	filename
  33956	    124	  19988	  54068	   d334	grupo_4_tp_3.elf
arm-none-eabi-objdump -h -S grupo_4_tp_3.elf  > "grupo_4_tp_3.list"
Finished building: default.size.stdout
 
Finished building: grupo_4_tp_3.list
 
21:03:10 **** Incremental Build of configuration Debug for project grupo_4_tp_3 ****
make -j4 all 
arm-none-eabi-size  grupo_4_tp_3.elf 
   text	   data	    bss	    dec	    hex	filename
  33956	    124	  19988	  54068	   d334	grupo_4_tp_3.elf
Finished building: default.size.stdout
 
21:03:30 **** Incremental Build of configuration Debug for project grupo_4_tp_3 ****
make -j4 all 
arm-none-eabi-size  grupo_4_tp_3.elf 
   text	   data	    bss	    dec	    hex	filename
  33956	    124	  19988	  54068	   d334	grupo_4_tp_3.elf
Finished building: default.size.stdout
 
21:06:26 **** Incremental Build of configuration Debug for project grupo_4_tp_3 ****
make -j4 all 
arm-none-eabi-size  grupo_4_tp_3.elf 
   text	   data	    bss	    dec	    hex	filename
  33956	    124	  19988	  54068	   d334	grupo_4_tp_3.elf
Finished building: default.size.stdout
 
